Copyright 1986-2021 Xilinx, Inc. All Rights Reserved.
-----------------------------------------------------------------------------------------------
| Tool Version : Vivado v.2021.1 (lin64) Build 3247384 Thu Jun 10 19:36:07 MDT 2021
| Date         : Mon May 11 14:47:16 2026
| Host         : ece28 running 64-bit Ubuntu 20.04.2 LTS
| Command      : report_control_sets -verbose -file hdmi_telemetry_top_control_sets_placed.rpt
| Design       : hdmi_telemetry_top
| Device       : xc7z010
-----------------------------------------------------------------------------------------------

Control Set Information

Table of Contents
-----------------
1. Summary
2. Histogram
3. Flip-Flop Distribution
4. Detailed Control Set Information

1. Summary
----------

+----------------------------------------------------------+-------+
|                          Status                          | Count |
+----------------------------------------------------------+-------+
| Total control sets                                       |    41 |
|    Minimum number of control sets                        |    41 |
|    Addition due to synthesis replication                 |     0 |
|    Addition due to physical synthesis replication        |     0 |
| Unused register locations in slices containing registers |   167 |
+----------------------------------------------------------+-------+
* Control sets can be merged at opt_design using control_set_merge or merge_equivalent_drivers
** Run report_qor_suggestions for automated merging and remapping suggestions


2. Histogram
------------

+--------------------+-------+
|       Fanout       | Count |
+--------------------+-------+
| Total control sets |    41 |
| >= 0 to < 4        |    20 |
| >= 4 to < 6        |     1 |
| >= 6 to < 8        |     3 |
| >= 8 to < 10       |    10 |
| >= 10 to < 12      |     2 |
| >= 12 to < 14      |     0 |
| >= 14 to < 16      |     0 |
| >= 16              |     5 |
+--------------------+-------+
* Control sets can be remapped at either synth_design or opt_design


3. Flip-Flop Distribution
-------------------------

+--------------+-----------------------+------------------------+-----------------+--------------+
| Clock Enable | Synchronous Set/Reset | Asynchronous Set/Reset | Total Registers | Total Slices |
+--------------+-----------------------+------------------------+-----------------+--------------+
| No           | No                    | No                     |              17 |            7 |
| No           | No                    | Yes                    |               0 |            0 |
| No           | Yes                   | No                     |              32 |           15 |
| Yes          | No                    | No                     |              54 |           11 |
| Yes          | No                    | Yes                    |               0 |            0 |
| Yes          | Yes                   | No                     |             178 |           60 |
+--------------+-----------------------+------------------------+-----------------+--------------+


4. Detailed Control Set Information
-----------------------------------

+-------------------+------------------------------------------+-------------------+------------------+----------------+--------------+
|    Clock Signal   |               Enable Signal              |  Set/Reset Signal | Slice Load Count | Bel Load Count | Bels / Slice |
+-------------------+------------------------------------------+-------------------+------------------+----------------+--------------+
|  sysclk_IBUF_BUFG | U_SPI_NAV/rx_shift[2]_i_1__0_n_0         | U_IMU_CTRL/SR[0]  |                1 |              1 |         1.00 |
|  sysclk_IBUF_BUFG | U_SPI_JSTK/rx_shift[2]_i_1_n_0           | U_JSTK_CTRL/SR[0] |                1 |              1 |         1.00 |
|  sysclk_IBUF_BUFG | U_SPI_JSTK/rx_shift[3]_i_1_n_0           | U_JSTK_CTRL/SR[0] |                1 |              1 |         1.00 |
|  sysclk_IBUF_BUFG | U_SPI_JSTK/rx_shift[4]_i_1__0_n_0        | U_JSTK_CTRL/SR[0] |                1 |              1 |         1.00 |
|  sysclk_IBUF_BUFG | U_SPI_JSTK/rx_shift[6]_i_1_n_0           | U_JSTK_CTRL/SR[0] |                1 |              1 |         1.00 |
|  sysclk_IBUF_BUFG | U_SPI_JSTK/rx_shift[7]_i_2_n_0           | U_JSTK_CTRL/SR[0] |                1 |              1 |         1.00 |
|  sysclk_IBUF_BUFG | U_SPI_NAV/mosi0_out                      | btn_IBUF[0]       |                1 |              1 |         1.00 |
|  sysclk_IBUF_BUFG | U_SPI_NAV/rx_shift[0]_i_1_n_0            | U_IMU_CTRL/SR[0]  |                1 |              1 |         1.00 |
|  sysclk_IBUF_BUFG | U_SPI_NAV/rx_shift[1]_i_1_n_0            | U_IMU_CTRL/SR[0]  |                1 |              1 |         1.00 |
|  sysclk_IBUF_BUFG | U_SPI_JSTK/rx_shift[5]_i_1__0_n_0        | U_JSTK_CTRL/SR[0] |                1 |              1 |         1.00 |
|  sysclk_IBUF_BUFG | U_SPI_NAV/rx_shift[3]_i_1__0_n_0         | U_IMU_CTRL/SR[0]  |                1 |              1 |         1.00 |
|  sysclk_IBUF_BUFG | U_SPI_NAV/rx_shift[4]_i_1_n_0            | U_IMU_CTRL/SR[0]  |                1 |              1 |         1.00 |
|  sysclk_IBUF_BUFG | U_SPI_NAV/rx_shift[5]_i_1_n_0            | U_IMU_CTRL/SR[0]  |                1 |              1 |         1.00 |
|  sysclk_IBUF_BUFG | U_SPI_NAV/rx_shift[6]_i_1__0_n_0         | U_IMU_CTRL/SR[0]  |                1 |              1 |         1.00 |
|  sysclk_IBUF_BUFG | U_SPI_NAV/rx_shift[7]_i_2__0_n_0         | U_IMU_CTRL/SR[0]  |                1 |              1 |         1.00 |
|  sysclk_IBUF_BUFG | U_JSTK_CTRL/cs_jstk_i_1_n_0              | btn_IBUF[0]       |                1 |              1 |         1.00 |
|  sysclk_IBUF_BUFG | U_IMU_CTRL/cs_ag_i_1_n_0                 | btn_IBUF[0]       |                1 |              1 |         1.00 |
|  sysclk_IBUF_BUFG | U_SPI_JSTK/rx_shift[0]_i_1__0_n_0        | U_JSTK_CTRL/SR[0] |                1 |              1 |         1.00 |
|  sysclk_IBUF_BUFG | U_SPI_JSTK/mosi0_out                     | btn_IBUF[0]       |                1 |              1 |         1.00 |
|  sysclk_IBUF_BUFG | U_SPI_JSTK/rx_shift[1]_i_1__0_n_0        | U_JSTK_CTRL/SR[0] |                1 |              1 |         1.00 |
|  sysclk_IBUF_BUFG | U_IMU_CTRL/step[3]_i_1_n_0               | btn_IBUF[0]       |                2 |              4 |         2.00 |
|  sysclk_IBUF_BUFG | U_SPI_CLK/E[0]                           | btn_IBUF[0]       |                1 |              6 |         6.00 |
|  sysclk_IBUF_BUFG | U_IMU_CTRL/spi_data_out[7]_i_1_n_0       | btn_IBUF[0]       |                1 |              6 |         6.00 |
|  sysclk_IBUF_BUFG | U_IMU_CTRL/tx_byte[7]_i_1_n_0            |                   |                1 |              6 |         6.00 |
|  sysclk_IBUF_BUFG | U_IMU_CTRL/xh[7]_i_1_n_0                 |                   |                3 |              8 |         2.67 |
|  sysclk_IBUF_BUFG | U_JSTK_CTRL/y_pos_3                      | btn_IBUF[0]       |                1 |              8 |         8.00 |
|  sysclk_IBUF_BUFG | U_JSTK_CTRL/x_pos_2                      | btn_IBUF[0]       |                2 |              8 |         4.00 |
|  sysclk_IBUF_BUFG | U_IMU_CTRL/xl[7]_i_1_n_0                 |                   |                2 |              8 |         4.00 |
|  sysclk_IBUF_BUFG | U_IMU_CTRL/yh[7]_i_1_n_0                 |                   |                1 |              8 |         8.00 |
|  sysclk_IBUF_BUFG | U_IMU_CTRL/yl[7]_i_1_n_0                 |                   |                1 |              8 |         8.00 |
|  sysclk_IBUF_BUFG | U_IMU_CTRL/zh[7]_i_1_n_0                 |                   |                1 |              8 |         8.00 |
|  sysclk_IBUF_BUFG | U_IMU_CTRL/zl[7]_i_1_n_0                 |                   |                2 |              8 |         4.00 |
|  sysclk_IBUF_BUFG | U_SPI_NAV/data_out[7]_i_1_n_0            | btn_IBUF[0]       |                2 |              8 |         4.00 |
|  sysclk_IBUF_BUFG | U_SPI_JSTK/data_out[7]_i_1__0_n_0        | btn_IBUF[0]       |                1 |              8 |         8.00 |
|  sysclk_IBUF_BUFG | U_JSTK_CTRL/cs_setup_cnt[10]_i_1_n_0     | btn_IBUF[0]       |                5 |             11 |         2.20 |
|  sysclk_IBUF_BUFG | U_JSTK_CTRL/interbyte_cnt_0              | btn_IBUF[0]       |                3 |             11 |         3.67 |
|  sysclk_IBUF_BUFG | U_JSTK_CTRL/FSM_onehot_state_reg_n_0_[2] | btn_IBUF[0]       |                5 |             16 |         3.20 |
|  sysclk_IBUF_BUFG |                                          |                   |                7 |             17 |         2.43 |
|  sysclk_IBUF_BUFG | timer_cnt                                | btn_IBUF[0]       |                5 |             24 |         4.80 |
|  sysclk_IBUF_BUFG |                                          | btn_IBUF[0]       |               15 |             32 |         2.13 |
|  sysclk_IBUF_BUFG | U_IMU_CTRL/pitch_out[15]_i_1_n_0         | btn_IBUF[0]       |               12 |             48 |         4.00 |
+-------------------+------------------------------------------+-------------------+------------------+----------------+--------------+


